export const snapshot = {};

snapshot[`should be able to get version 1`] = `"14.4.1"`;
